[0.008s] Invoking command in '/home/xli/catkin_ws/src/Sentry-Nav/build/map_baselink': CMAKE_PREFIX_PATH=/opt/ros/humble /usr/bin/cmake --build /home/xli/catkin_ws/src/Sentry-Nav/build/map_baselink -- -j20 -l20
[0.057s] Consolidate compiler generated dependencies of target map_to_baselink_node
[0.057s] Consolidate compiler generated dependencies of target nav_identity_bridge
[0.057s] Consolidate compiler generated dependencies of target cloud_frame_transformer
[0.077s] [ 16%] Building CXX object CMakeFiles/map_to_baselink_node.dir/src/map_to_baselink_node.cpp.o
[0.079s] [ 50%] Built target cloud_frame_transformer
[0.080s] [ 83%] Built target nav_identity_bridge
[1.708s] In file included from /opt/ros/humble/include/rclcpp/rclcpp/node.hpp:1321,
[1.708s]                  from /opt/ros/humble/include/rclcpp/rclcpp/executors/single_threaded_executor.hpp:28,
[1.708s]                  from /opt/ros/humble/include/rclcpp/rclcpp/executors.hpp:22,
[1.708s]                  from /opt/ros/humble/include/rclcpp/rclcpp/rclcpp.hpp:155,
[1.708s]                  from /home/xli/catkin_ws/src/Sentry-Nav/map_baselink/src/map_to_baselink_node.cpp:7:
[1.708s] /opt/ros/humble/include/rclcpp/rclcpp/node_impl.hpp: In instantiation of ‘auto rclcpp::Node::declare_parameter(const string&, const ParameterT&, const ParameterDescriptor&, bool) [with ParameterT = geometry_msgs::msg::TransformStamped_<std::allocator<void> >; std::string = std::__cxx11::basic_string<char>; rcl_interfaces::msg::ParameterDescriptor = rcl_interfaces::msg::ParameterDescriptor_<std::allocator<void> >]’:
[1.708s] /home/xli/catkin_ws/src/Sentry-Nav/map_baselink/src/map_to_baselink_node.cpp:37:87:   required from here
[1.708s] /opt/ros/humble/include/rclcpp/rclcpp/node_impl.hpp:204:15: error: no matching function for call to ‘rclcpp::ParameterValue::ParameterValue(const geometry_msgs::msg::TransformStamped_<std::allocator<void> >&)’
[1.708s]   204 |       rclcpp::ParameterValue(default_value),
[1.708s]       |               ^~~~~~~~~~~~~~~~~~~~~~~~~~~~~
[1.709s] In file included from /opt/ros/humble/include/rclcpp/rclcpp/parameter.hpp:26,
[1.709s]                  from /opt/ros/humble/include/rclcpp/rclcpp/node_interfaces/node_parameters_interface.hpp:29,
[1.709s]                  from /opt/ros/humble/include/rclcpp/rclcpp/node.hpp:54,
[1.709s]                  from /opt/ros/humble/include/rclcpp/rclcpp/executors/single_threaded_executor.hpp:28,
[1.709s]                  from /opt/ros/humble/include/rclcpp/rclcpp/executors.hpp:22,
[1.709s]                  from /opt/ros/humble/include/rclcpp/rclcpp/rclcpp.hpp:155,
[1.709s]                  from /home/xli/catkin_ws/src/Sentry-Nav/map_baselink/src/map_to_baselink_node.cpp:7:
[1.709s] /opt/ros/humble/include/rclcpp/rclcpp/parameter_value.hpp:121:12: note: candidate: ‘rclcpp::ParameterValue::ParameterValue(const std::vector<std::__cxx11::basic_string<char> >&)’
[1.709s]   121 |   explicit ParameterValue(const std::vector<std::string> & string_array_value);
[1.709s]       |            ^~~~~~~~~~~~~~
[1.709s] /opt/ros/humble/include/rclcpp/rclcpp/parameter_value.hpp:121:60: note:   no known conversion for argument 1 from ‘const geometry_msgs::msg::TransformStamped_<std::allocator<void> >’ to ‘const std::vector<std::__cxx11::basic_string<char> >&’
[1.709s]   121 |   explicit ParameterValue(const std::vector<std::string> & string_array_value);
[1.710s]       |                           ~~~~~~~~~~~~~~~~~~~~~~~~~~~~~~~~~^~~~~~~~~~~~~~~~~~
[1.710s] /opt/ros/humble/include/rclcpp/rclcpp/parameter_value.hpp:118:12: note: candidate: ‘rclcpp::ParameterValue::ParameterValue(const std::vector<double, std::allocator<double> >&)’
[1.710s]   118 |   explicit ParameterValue(const std::vector<double> & double_array_value);
[1.710s]       |            ^~~~~~~~~~~~~~
[1.710s] /opt/ros/humble/include/rclcpp/rclcpp/parameter_value.hpp:118:55: note:   no known conversion for argument 1 from ‘const geometry_msgs::msg::TransformStamped_<std::allocator<void> >’ to ‘const std::vector<double, std::allocator<double> >&’
[1.710s]   118 |   explicit ParameterValue(const std::vector<double> & double_array_value);
[1.710s]       |                           ~~~~~~~~~~~~~~~~~~~~~~~~~~~~^~~~~~~~~~~~~~~~~~
[1.710s] /opt/ros/humble/include/rclcpp/rclcpp/parameter_value.hpp:115:12: note: candidate: ‘rclcpp::ParameterValue::ParameterValue(const std::vector<float>&)’
[1.710s]   115 |   explicit ParameterValue(const std::vector<float> & double_array_value);
[1.710s]       |            ^~~~~~~~~~~~~~
[1.710s] /opt/ros/humble/include/rclcpp/rclcpp/parameter_value.hpp:115:54: note:   no known conversion for argument 1 from ‘const geometry_msgs::msg::TransformStamped_<std::allocator<void> >’ to ‘const std::vector<float>&’
[1.710s]   115 |   explicit ParameterValue(const std::vector<float> & double_array_value);
[1.710s]       |                           ~~~~~~~~~~~~~~~~~~~~~~~~~~~^~~~~~~~~~~~~~~~~~
[1.711s] /opt/ros/humble/include/rclcpp/rclcpp/parameter_value.hpp:112:12: note: candidate: ‘rclcpp::ParameterValue::ParameterValue(const std::vector<long int, std::allocator<long int> >&)’
[1.711s]   112 |   explicit ParameterValue(const std::vector<int64_t> & int_array_value);
[1.711s]       |            ^~~~~~~~~~~~~~
[1.711s] /opt/ros/humble/include/rclcpp/rclcpp/parameter_value.hpp:112:56: note:   no known conversion for argument 1 from ‘const geometry_msgs::msg::TransformStamped_<std::allocator<void> >’ to ‘const std::vector<long int, std::allocator<long int> >&’
[1.711s]   112 |   explicit ParameterValue(const std::vector<int64_t> & int_array_value);
[1.711s]       |                           ~~~~~~~~~~~~~~~~~~~~~~~~~~~~~^~~~~~~~~~~~~~~
[1.711s] /opt/ros/humble/include/rclcpp/rclcpp/parameter_value.hpp:109:12: note: candidate: ‘rclcpp::ParameterValue::ParameterValue(const std::vector<int>&)’
[1.711s]   109 |   explicit ParameterValue(const std::vector<int> & int_array_value);
[1.711s]       |            ^~~~~~~~~~~~~~
[1.711s] /opt/ros/humble/include/rclcpp/rclcpp/parameter_value.hpp:109:52: note:   no known conversion for argument 1 from ‘const geometry_msgs::msg::TransformStamped_<std::allocator<void> >’ to ‘const std::vector<int>&’
[1.711s]   109 |   explicit ParameterValue(const std::vector<int> & int_array_value);
[1.711s]       |                           ~~~~~~~~~~~~~~~~~~~~~~~~~^~~~~~~~~~~~~~~
[1.712s] /opt/ros/humble/include/rclcpp/rclcpp/parameter_value.hpp:106:12: note: candidate: ‘rclcpp::ParameterValue::ParameterValue(const std::vector<bool, std::allocator<bool> >&)’
[1.712s]   106 |   explicit ParameterValue(const std::vector<bool> & bool_array_value);
[1.712s]       |            ^~~~~~~~~~~~~~
[1.712s] /opt/ros/humble/include/rclcpp/rclcpp/parameter_value.hpp:106:53: note:   no known conversion for argument 1 from ‘const geometry_msgs::msg::TransformStamped_<std::allocator<void> >’ to ‘const std::vector<bool, std::allocator<bool> >&’
[1.712s]   106 |   explicit ParameterValue(const std::vector<bool> & bool_array_value);
[1.712s]       |                           ~~~~~~~~~~~~~~~~~~~~~~~~~~^~~~~~~~~~~~~~~~
[1.712s] /opt/ros/humble/include/rclcpp/rclcpp/parameter_value.hpp:103:12: note: candidate: ‘rclcpp::ParameterValue::ParameterValue(const std::vector<unsigned char, std::allocator<unsigned char> >&)’
[1.712s]   103 |   explicit ParameterValue(const std::vector<uint8_t> & byte_array_value);
[1.712s]       |            ^~~~~~~~~~~~~~
[1.712s] /opt/ros/humble/include/rclcpp/rclcpp/parameter_value.hpp:103:56: note:   no known conversion for argument 1 from ‘const geometry_msgs::msg::TransformStamped_<std::allocator<void> >’ to ‘const std::vector<unsigned char, std::allocator<unsigned char> >&’
[1.712s]   103 |   explicit ParameterValue(const std::vector<uint8_t> & byte_array_value);
[1.712s]       |                           ~~~~~~~~~~~~~~~~~~~~~~~~~~~~~^~~~~~~~~~~~~~~~
[1.713s] /opt/ros/humble/include/rclcpp/rclcpp/parameter_value.hpp:100:12: note: candidate: ‘rclcpp::ParameterValue::ParameterValue(const char*)’
[1.713s]   100 |   explicit ParameterValue(const char * string_value);
[1.713s]       |            ^~~~~~~~~~~~~~
[1.713s] /opt/ros/humble/include/rclcpp/rclcpp/parameter_value.hpp:100:40: note:   no known conversion for argument 1 from ‘const geometry_msgs::msg::TransformStamped_<std::allocator<void> >’ to ‘const char*’
[1.713s]   100 |   explicit ParameterValue(const char * string_value);
[1.713s]       |                           ~~~~~~~~~~~~~^~~~~~~~~~~~
[1.713s] /opt/ros/humble/include/rclcpp/rclcpp/parameter_value.hpp:97:12: note: candidate: ‘rclcpp::ParameterValue::ParameterValue(const string&)’
[1.713s]    97 |   explicit ParameterValue(const std::string & string_value);
[1.713s]       |            ^~~~~~~~~~~~~~
[1.713s] /opt/ros/humble/include/rclcpp/rclcpp/parameter_value.hpp:97:47: note:   no known conversion for argument 1 from ‘const geometry_msgs::msg::TransformStamped_<std::allocator<void> >’ to ‘const string&’ {aka ‘const std::__cxx11::basic_string<char>&’}
[1.713s]    97 |   explicit ParameterValue(const std::string & string_value);
[1.713s]       |                           ~~~~~~~~~~~~~~~~~~~~^~~~~~~~~~~~
[1.714s] /opt/ros/humble/include/rclcpp/rclcpp/parameter_value.hpp:94:12: note: candidate: ‘rclcpp::ParameterValue::ParameterValue(double)’
[1.714s]    94 |   explicit ParameterValue(const double double_value);
[1.714s]       |            ^~~~~~~~~~~~~~
[1.714s] /opt/ros/humble/include/rclcpp/rclcpp/parameter_value.hpp:94:40: note:   no known conversion for argument 1 from ‘const geometry_msgs::msg::TransformStamped_<std::allocator<void> >’ to ‘double’
[1.714s]    94 |   explicit ParameterValue(const double double_value);
[1.714s]       |                           ~~~~~~~~~~~~~^~~~~~~~~~~~
[1.714s] /opt/ros/humble/include/rclcpp/rclcpp/parameter_value.hpp:91:12: note: candidate: ‘rclcpp::ParameterValue::ParameterValue(float)’
[1.714s]    91 |   explicit ParameterValue(const float double_value);
[1.714s]       |            ^~~~~~~~~~~~~~
[1.714s] /opt/ros/humble/include/rclcpp/rclcpp/parameter_value.hpp:91:39: note:   no known conversion for argument 1 from ‘const geometry_msgs::msg::TransformStamped_<std::allocator<void> >’ to ‘float’
[1.714s]    91 |   explicit ParameterValue(const float double_value);
[1.714s]       |                           ~~~~~~~~~~~~^~~~~~~~~~~~
[1.715s] /opt/ros/humble/include/rclcpp/rclcpp/parameter_value.hpp:88:12: note: candidate: ‘rclcpp::ParameterValue::ParameterValue(int64_t)’
[1.715s]    88 |   explicit ParameterValue(const int64_t int_value);
[1.715s]       |            ^~~~~~~~~~~~~~
[1.715s] /opt/ros/humble/include/rclcpp/rclcpp/parameter_value.hpp:88:41: note:   no known conversion for argument 1 from ‘const geometry_msgs::msg::TransformStamped_<std::allocator<void> >’ to ‘int64_t’ {aka ‘long int’}
[1.715s]    88 |   explicit ParameterValue(const int64_t int_value);
[1.715s]       |                           ~~~~~~~~~~~~~~^~~~~~~~~
[1.715s] /opt/ros/humble/include/rclcpp/rclcpp/parameter_value.hpp:85:12: note: candidate: ‘rclcpp::ParameterValue::ParameterValue(int)’
[1.715s]    85 |   explicit ParameterValue(const int int_value);
[1.715s]       |            ^~~~~~~~~~~~~~
[1.715s] /opt/ros/humble/include/rclcpp/rclcpp/parameter_value.hpp:85:37: note:   no known conversion for argument 1 from ‘const geometry_msgs::msg::TransformStamped_<std::allocator<void> >’ to ‘int’
[1.715s]    85 |   explicit ParameterValue(const int int_value);
[1.715s]       |                           ~~~~~~~~~~^~~~~~~~~
[1.716s] /opt/ros/humble/include/rclcpp/rclcpp/parameter_value.hpp:82:12: note: candidate: ‘rclcpp::ParameterValue::ParameterValue(bool)’
[1.716s]    82 |   explicit ParameterValue(const bool bool_value);
[1.716s]       |            ^~~~~~~~~~~~~~
[1.716s] /opt/ros/humble/include/rclcpp/rclcpp/parameter_value.hpp:82:38: note:   no known conversion for argument 1 from ‘const geometry_msgs::msg::TransformStamped_<std::allocator<void> >’ to ‘bool’
[1.716s]    82 |   explicit ParameterValue(const bool bool_value);
[1.716s]       |                           ~~~~~~~~~~~^~~~~~~~~~
[1.716s] /opt/ros/humble/include/rclcpp/rclcpp/parameter_value.hpp:79:12: note: candidate: ‘rclcpp::ParameterValue::ParameterValue(const ParameterValue&)’
[1.716s]    79 |   explicit ParameterValue(const rcl_interfaces::msg::ParameterValue & value);
[1.716s]       |            ^~~~~~~~~~~~~~
[1.716s] /opt/ros/humble/include/rclcpp/rclcpp/parameter_value.hpp:79:71: note:   no known conversion for argument 1 from ‘const geometry_msgs::msg::TransformStamped_<std::allocator<void> >’ to ‘const ParameterValue&’ {aka ‘const rcl_interfaces::msg::ParameterValue_<std::allocator<void> >&’}
[1.716s]    79 |   explicit ParameterValue(const rcl_interfaces::msg::ParameterValue & value);
[1.716s]       |                           ~~~~~~~~~~~~~~~~~~~~~~~~~~~~~~~~~~~~~~~~~~~~^~~~~
[1.717s] /opt/ros/humble/include/rclcpp/rclcpp/parameter_value.hpp:76:3: note: candidate: ‘rclcpp::ParameterValue::ParameterValue()’
[1.717s]    76 |   ParameterValue();
[1.717s]       |   ^~~~~~~~~~~~~~
[1.717s] /opt/ros/humble/include/rclcpp/rclcpp/parameter_value.hpp:76:3: note:   candidate expects 0 arguments, 1 provided
[1.717s] /opt/ros/humble/include/rclcpp/rclcpp/parameter_value.hpp:71:7: note: candidate: ‘rclcpp::ParameterValue::ParameterValue(const rclcpp::ParameterValue&)’
[1.717s]    71 | class ParameterValue
[1.717s]       |       ^~~~~~~~~~~~~~
[1.717s] /opt/ros/humble/include/rclcpp/rclcpp/parameter_value.hpp:71:7: note:   no known conversion for argument 1 from ‘const geometry_msgs::msg::TransformStamped_<std::allocator<void> >’ to ‘const rclcpp::ParameterValue&’
[1.717s] /opt/ros/humble/include/rclcpp/rclcpp/parameter_value.hpp:71:7: note: candidate: ‘rclcpp::ParameterValue::ParameterValue(rclcpp::ParameterValue&&)’
[1.717s] /opt/ros/humble/include/rclcpp/rclcpp/parameter_value.hpp:71:7: note:   no known conversion for argument 1 from ‘const geometry_msgs::msg::TransformStamped_<std::allocator<void> >’ to ‘rclcpp::ParameterValue&&’
[2.343s] gmake[2]: *** [CMakeFiles/map_to_baselink_node.dir/build.make:76: CMakeFiles/map_to_baselink_node.dir/src/map_to_baselink_node.cpp.o] Error 1
[2.343s] gmake[1]: *** [CMakeFiles/Makefile2:141: CMakeFiles/map_to_baselink_node.dir/all] Error 2
[2.343s] gmake: *** [Makefile:146: all] Error 2
[30.028s] Invoked command in '/home/xli/catkin_ws/src/Sentry-Nav/build/map_baselink' returned '2': CMAKE_PREFIX_PATH=/opt/ros/humble /usr/bin/cmake --build /home/xli/catkin_ws/src/Sentry-Nav/build/map_baselink -- -j20 -l20
