[0.006s] Invoking command in '/home/xli/catkin_ws/src/Sentry-Nav/build/map_baselink': /usr/bin/cmake /home/xli/catkin_ws/src/Sentry-Nav/map_baselink -DCMAKE_INSTALL_PREFIX=/home/xli/catkin_ws/src/Sentry-Nav/install/map_baselink
[0.127s] -- The C compiler identification is GNU 11.4.0
[0.197s] -- The CXX compiler identification is GNU 11.4.0
[0.207s] -- Detecting C compiler ABI info
[0.271s] -- Detecting C compiler ABI info - done
[0.276s] -- Check for working C compiler: /usr/bin/cc - skipped
[0.276s] -- Detecting C compile features
[0.277s] -- Detecting C compile features - done
[0.280s] -- Detecting CXX compiler ABI info
[0.352s] -- Detecting CXX compiler ABI info - done
[0.358s] -- Check for working CXX compiler: /usr/bin/c++ - skipped
[0.358s] -- Detecting CXX compile features
[0.359s] -- Detecting CXX compile features - done
[0.367s] CMake Error at CMakeLists.txt:9 (find_package):
[0.367s]   By not providing "Findament_cmake.cmake" in CMAKE_MODULE_PATH this project
[0.368s]   has asked CMake to find a package configuration file provided by
[0.368s]   "ament_cmake", but CMake did not find one.
[0.368s] 
[0.368s]   Could not find a package configuration file provided by "ament_cmake" with
[0.368s]   any of the following names:
[0.368s] 
[0.368s]     ament_cmakeConfig.cmake
[0.368s]     ament_cmake-config.cmake
[0.368s] 
[0.368s]   Add the installation prefix of "ament_cmake" to CMAKE_PREFIX_PATH or set
[0.368s]   "ament_cmake_DIR" to a directory containing one of the above files.  If
[0.368s]   "ament_cmake" provides a separate development package or SDK, be sure it
[0.369s]   has been installed.
[0.369s] 
[0.369s] 
[0.369s] -- Configuring incomplete, errors occurred!
[0.369s] See also "/home/xli/catkin_ws/src/Sentry-Nav/build/map_baselink/CMakeFiles/CMakeOutput.log".
[30.007s] Invoked command in '/home/xli/catkin_ws/src/Sentry-Nav/build/map_baselink' returned '1': /usr/bin/cmake /home/xli/catkin_ws/src/Sentry-Nav/map_baselink -DCMAKE_INSTALL_PREFIX=/home/xli/catkin_ws/src/Sentry-Nav/install/map_baselink
