Consolidate compiler generated dependencies of target map_to_baselink_node
[ 33%] Built target nav_identity_bridge
[ 66%] Built target cloud_frame_transformer
[ 83%] Building CXX object CMakeFiles/map_to_baselink_node.dir/src/map_to_baselink_node.cpp.o
[100%] Linking CXX executable map_to_baselink_node
[100%] Built target map_to_baselink_node
-- Install configuration: ""
-- Installing: /home/xli/catkin_ws/src/Sentry-Nav/install/map_baselink/lib/map_baselink/map_to_baselink_node
-- Set runtime path of "/home/xli/catkin_ws/src/Sentry-Nav/install/map_baselink/lib/map_baselink/map_to_baselink_node" to ""
-- Installing: /home/xli/catkin_ws/src/Sentry-Nav/install/map_baselink/lib/map_baselink/nav_identity_bridge
-- Set runtime path of "/home/xli/catkin_ws/src/Sentry-Nav/install/map_baselink/lib/map_baselink/nav_identity_bridge" to ""
-- Installing: /home/xli/catkin_ws/src/Sentry-Nav/install/map_baselink/lib/map_baselink/cloud_frame_transformer
-- Set runtime path of "/home/xli/catkin_ws/src/Sentry-Nav/install/map_baselink/lib/map_baselink/cloud_frame_transformer" to ""
-- Installing: /home/xli/catkin_ws/src/Sentry-Nav/install/map_baselink/share/ament_index/resource_index/package_run_dependencies/map_baselink
-- Installing: /home/xli/catkin_ws/src/Sentry-Nav/install/map_baselink/share/ament_index/resource_index/parent_prefix_path/map_baselink
-- Installing: /home/xli/catkin_ws/src/Sentry-Nav/install/map_baselink/share/map_baselink/environment/ament_prefix_path.sh
-- Installing: /home/xli/catkin_ws/src/Sentry-Nav/install/map_baselink/share/map_baselink/environment/ament_prefix_path.dsv
-- Installing: /home/xli/catkin_ws/src/Sentry-Nav/install/map_baselink/share/map_baselink/environment/path.sh
-- Installing: /home/xli/catkin_ws/src/Sentry-Nav/install/map_baselink/share/map_baselink/environment/path.dsv
-- Installing: /home/xli/catkin_ws/src/Sentry-Nav/install/map_baselink/share/map_baselink/local_setup.bash
-- Installing: /home/xli/catkin_ws/src/Sentry-Nav/install/map_baselink/share/map_baselink/local_setup.sh
-- Installing: /home/xli/catkin_ws/src/Sentry-Nav/install/map_baselink/share/map_baselink/local_setup.zsh
-- Installing: /home/xli/catkin_ws/src/Sentry-Nav/install/map_baselink/share/map_baselink/local_setup.dsv
-- Installing: /home/xli/catkin_ws/src/Sentry-Nav/install/map_baselink/share/map_baselink/package.dsv
-- Installing: /home/xli/catkin_ws/src/Sentry-Nav/install/map_baselink/share/ament_index/resource_index/packages/map_baselink
-- Installing: /home/xli/catkin_ws/src/Sentry-Nav/install/map_baselink/share/map_baselink/cmake/map_baselinkConfig.cmake
-- Installing: /home/xli/catkin_ws/src/Sentry-Nav/install/map_baselink/share/map_baselink/cmake/map_baselinkConfig-version.cmake
-- Installing: /home/xli/catkin_ws/src/Sentry-Nav/install/map_baselink/share/map_baselink/package.xml
