[0.011s] Invoking command in '/home/xli/catkin_ws/src/Sentry-Nav/build/map_baselink': CMAKE_PREFIX_PATH=/opt/ros/humble /usr/bin/cmake --build /home/xli/catkin_ws/src/Sentry-Nav/build/map_baselink -- -j20 -l20
[0.056s] Consolidate compiler generated dependencies of target map_to_baselink_node
[0.060s] [ 33%] Built target nav_identity_bridge
[0.065s] [ 66%] Built target cloud_frame_transformer
[0.070s] [ 83%] Building CXX object CMakeFiles/map_to_baselink_node.dir/src/map_to_baselink_node.cpp.o
[3.584s] [100%] Linking CXX executable map_to_baselink_node
[3.753s] [100%] Built target map_to_baselink_node
[3.762s] Invoked command in '/home/xli/catkin_ws/src/Sentry-Nav/build/map_baselink' returned '0': CMAKE_PREFIX_PATH=/opt/ros/humble /usr/bin/cmake --build /home/xli/catkin_ws/src/Sentry-Nav/build/map_baselink -- -j20 -l20
[3.772s] Invoking command in '/home/xli/catkin_ws/src/Sentry-Nav/build/map_baselink': CMAKE_PREFIX_PATH=/opt/ros/humble /usr/bin/cmake --install /home/xli/catkin_ws/src/Sentry-Nav/build/map_baselink
[3.779s] -- Install configuration: ""
[3.779s] -- Installing: /home/xli/catkin_ws/src/Sentry-Nav/install/map_baselink/lib/map_baselink/map_to_baselink_node
[3.779s] -- Set runtime path of "/home/xli/catkin_ws/src/Sentry-Nav/install/map_baselink/lib/map_baselink/map_to_baselink_node" to ""
[3.780s] -- Installing: /home/xli/catkin_ws/src/Sentry-Nav/install/map_baselink/lib/map_baselink/nav_identity_bridge
[3.780s] -- Set runtime path of "/home/xli/catkin_ws/src/Sentry-Nav/install/map_baselink/lib/map_baselink/nav_identity_bridge" to ""
[3.780s] -- Installing: /home/xli/catkin_ws/src/Sentry-Nav/install/map_baselink/lib/map_baselink/cloud_frame_transformer
[3.782s] -- Set runtime path of "/home/xli/catkin_ws/src/Sentry-Nav/install/map_baselink/lib/map_baselink/cloud_frame_transformer" to ""
[3.782s] -- Installing: /home/xli/catkin_ws/src/Sentry-Nav/install/map_baselink/share/ament_index/resource_index/package_run_dependencies/map_baselink
[3.783s] -- Installing: /home/xli/catkin_ws/src/Sentry-Nav/install/map_baselink/share/ament_index/resource_index/parent_prefix_path/map_baselink
[3.783s] -- Installing: /home/xli/catkin_ws/src/Sentry-Nav/install/map_baselink/share/map_baselink/environment/ament_prefix_path.sh
[3.783s] -- Installing: /home/xli/catkin_ws/src/Sentry-Nav/install/map_baselink/share/map_baselink/environment/ament_prefix_path.dsv
[3.783s] -- Installing: /home/xli/catkin_ws/src/Sentry-Nav/install/map_baselink/share/map_baselink/environment/path.sh
[3.783s] -- Installing: /home/xli/catkin_ws/src/Sentry-Nav/install/map_baselink/share/map_baselink/environment/path.dsv
[3.783s] -- Installing: /home/xli/catkin_ws/src/Sentry-Nav/install/map_baselink/share/map_baselink/local_setup.bash
[3.783s] -- Installing: /home/xli/catkin_ws/src/Sentry-Nav/install/map_baselink/share/map_baselink/local_setup.sh
[3.783s] -- Installing: /home/xli/catkin_ws/src/Sentry-Nav/install/map_baselink/share/map_baselink/local_setup.zsh
[3.783s] -- Installing: /home/xli/catkin_ws/src/Sentry-Nav/install/map_baselink/share/map_baselink/local_setup.dsv
[3.783s] -- Installing: /home/xli/catkin_ws/src/Sentry-Nav/install/map_baselink/share/map_baselink/package.dsv
[3.783s] -- Installing: /home/xli/catkin_ws/src/Sentry-Nav/install/map_baselink/share/ament_index/resource_index/packages/map_baselink
[3.783s] -- Installing: /home/xli/catkin_ws/src/Sentry-Nav/install/map_baselink/share/map_baselink/cmake/map_baselinkConfig.cmake
[3.783s] -- Installing: /home/xli/catkin_ws/src/Sentry-Nav/install/map_baselink/share/map_baselink/cmake/map_baselinkConfig-version.cmake
[3.783s] -- Installing: /home/xli/catkin_ws/src/Sentry-Nav/install/map_baselink/share/map_baselink/package.xml
[3.784s] Invoked command in '/home/xli/catkin_ws/src/Sentry-Nav/build/map_baselink' returned '0': CMAKE_PREFIX_PATH=/opt/ros/humble /usr/bin/cmake --install /home/xli/catkin_ws/src/Sentry-Nav/build/map_baselink
